d:\onedrive - howard hughes medical institute\documents\matlab\bioluminescencerig\c8855_cpp_two_device\obj\release\vc143.pdb
d:\onedrive - howard hughes medical institute\documents\matlab\bioluminescencerig\c8855_cpp_two_device\obj\release\main.obj
d:\onedrive - howard hughes medical institute\documents\matlab\bioluminescencerig\c8855_cpp_two_device\bin\release\c8855_dual_acquire.exe
d:\onedrive - howard hughes medical institute\documents\matlab\bioluminescencerig\c8855_cpp_two_device\bin\release\c8855_dual_acquire.pdb
d:\onedrive - howard hughes medical institute\documents\matlab\bioluminescencerig\c8855_cpp_two_device\obj\release\c8855_dual_acquire.ipdb
d:\onedrive - howard hughes medical institute\documents\matlab\bioluminescencerig\c8855_cpp_two_device\obj\release\c8855_dual_acquire.iobj
c:\users\labadmin\documents\matlab\bioluminescencerig\c8855_cpp_two_device\obj\release\main.obj
c:\users\labadmin\documents\matlab\bioluminescencerig\c8855_cpp_two_device\obj\release\c8855_dual_acquire.ipdb
c:\users\labadmin\documents\matlab\bioluminescencerig\c8855_cpp_two_device\obj\release\c8855_dual_acquire.iobj
c:\users\labadmin\documents\matlab\bioluminescencerig\c8855_cpp_two_device\obj\release\vc143.pdb
c:\users\labadmin\documents\matlab\bioluminescencerig\c8855_cpp_two_device\bin\release\c8855_dual_acquire.pdb
c:\users\labadmin\documents\matlab\bioluminescencerig\c8855_cpp_two_device\bin\release\c8855_dual_acquire.exe
c:\users\labadmin\documents\matlab\bioluminescencerig\c8855_cpp_two_device\obj\release\c8855_dual_acquire.vcxproj.filelistabsolute.txt
c:\users\labadmin\documents\matlab\bioluminescencerig\c8855_cpp_two_device\obj\release\c8855_du.9a889c19.tlog\cl.command.1.tlog
c:\users\labadmin\documents\matlab\bioluminescencerig\c8855_cpp_two_device\obj\release\c8855_du.9a889c19.tlog\cl.items.tlog
c:\users\labadmin\documents\matlab\bioluminescencerig\c8855_cpp_two_device\obj\release\c8855_du.9a889c19.tlog\cl.read.1.tlog
c:\users\labadmin\documents\matlab\bioluminescencerig\c8855_cpp_two_device\obj\release\c8855_du.9a889c19.tlog\cl.write.1.tlog
c:\users\labadmin\documents\matlab\bioluminescencerig\c8855_cpp_two_device\obj\release\c8855_du.9a889c19.tlog\link.command.1.tlog
c:\users\labadmin\documents\matlab\bioluminescencerig\c8855_cpp_two_device\obj\release\c8855_du.9a889c19.tlog\link.read.1.tlog
c:\users\labadmin\documents\matlab\bioluminescencerig\c8855_cpp_two_device\obj\release\c8855_du.9a889c19.tlog\link.secondary.1.tlog
c:\users\labadmin\documents\matlab\bioluminescencerig\c8855_cpp_two_device\obj\release\c8855_du.9a889c19.tlog\link.write.1.tlog
